CREATE EXTENSION database_data_generator;
SELECT * FROM generate_data(10) AS t("date" TEXT, "integer" TEXT, "address" TEXT);
    date    | integer |        address        
------------+---------+-----------------------
 2025-04-13 | 123     | 123 Fake St, Faketown
 2025-04-13 | 123     | 123 Fake St, Faketown
 2025-04-13 | 123     | 123 Fake St, Faketown
 2025-04-13 | 123     | 123 Fake St, Faketown
 2025-04-13 | 123     | 123 Fake St, Faketown
 2025-04-13 | 123     | 123 Fake St, Faketown
 2025-04-13 | 123     | 123 Fake St, Faketown
 2025-04-13 | 123     | 123 Fake St, Faketown
 2025-04-13 | 123     | 123 Fake St, Faketown
 2025-04-13 | 123     | 123 Fake St, Faketown
(10 rows)

DROP EXTENSION database_data_generator;
